---
source: tests/snapshots/html.rs
description: "<div><p>Some text</foo></bar>\n"
---
<div>
    <p>
        Some text
    </foo>
</bar>
