---
source: tests/snapshots/html.rs
description: "<!-- This is a comment -->\n"
---
<!-- This is a comment -->
