---
source: tests/snapshots/askama.rs
description: "{# A {# Nested #} Comment #}\n"
---
{# A {# Nested #} Comment #}
