---
source: tests/snapshots/rules.rs
description: "{#-   ~#}\n"
---
{#-~#}
