---
source: tests/snapshots/malformed.rs
description: "<p>Hello!\n"
---
<p>Hello!
