---
source: tests/askama.rs
description: "{# A Comment #}\n"
---
{# A Comment #}
