---
source: tests/askama_only.rs
expression: input
---
{# A Comment #}
