---
source: tests/askama_only.rs
expression: input
---
{% if foo %} this is some text {% endif %}
