---
source: tests/collapsing.rs
expression: input
---
<div>
{%~ block content ~%}     {%~ endblock ~%}
</div>
