---
source: tests/collapsing.rs
expression: input
---
{% block content %}      {% endblock %}
