---
source: tests/doc_examples.rs
expression: result
---
<h1>Users</h1>
<ul>
  {% for user in users %}
  <li>{{ user.name }}</li>
  {% endfor %}
</ul>
