---
source: tests/html_only.rs
expression: input
---
<script>
  document.querySelector("button").addEventListener("click", () => {
    alert("Button clicked!");
  });
</script>
