---
source: tests/html.rs
description: "<a href=\"https://example.com\">Visit us</a>\n"
---
<a href="https://example.com">Visit us</a>
