---
source: tests/html_only.rs
expression: formatted_output
---
<p>&copy; 2025</p>
