---
source: tests/html_only.rs
expression: input
---
<!-- Form -->
