---
source: tests/html_only.rs
expression: input
---
<div><p>Hello, world!</p></div>
