---
source: tests/html_only.rs
expression: input
---
        <p>
        Hello,     
    world!
  </p>
