---
source: tests/html_only.rs
expression: result
---
<img src="image.jpg" alt="A test image">
