---
source: tests/html_only.rs
expression: formatted_output
---
<img src="image.jpg" alt="A test image">
