---
source: tests/malformed.rs
expression: input
---
{% block paragraph %}<p>A cool paragraph</p>
