---
source: tests/malformed.rs
expression: input
---
<p>Hello!
