---
source: tests/miscellaneous.rs
description: ""
---

