---
source: tests/whitespace.rs
expression: formatted_output
---
{#- Some    {# Nested {#~   Comments #}   +#} ~#}
