---
source: tests/whitespace.rs
expression: formatted_output
---
{% if foo %}
{% endif %}
